--------
TOS Crew
--------
Admiral Kirk
Admiral Uhura
Ambassador Spock
Ameh
Arden
Batahr
Caped Alvaro
Captain Kirk
Christopher Pike
Cmdr. Chekov
Cmdr. Kor
Cmdr. McCoy
Cmdr. Scott
Cmdr. Sulu
Cmdr. Uhura
Commodore Anton
Decanus
Dir.sfM. Leonard McCoy
Doctor McCoy
Eng.Capt. Scott
Ensign Chekov
Horta
Hvaid
Inagh
Kaylar
Khan
Legatus
Lt. Alvaro
Lt. Chekov
Lt. Sulu
Lt. Uhura
Mister Scott
Mister Spock
Optio
Pilus Prior
Ruk
S'Fangudl
Salt Vampire
Tataur
Tenva
The Keeper
Tolkir
Tonak
--------
TOS Ship
--------
Antares
D-5
D-7
Dkyr
Early bop
Enterprise A
Enterprise B
First Enterprise
Horizon
K'Tinga
Klingon bop
Original Enterprise
Raptor
Reliant
Romulan bop
Timur
V-7
--------
TNG Crew
--------
Admiral Picard
Admiral Will Riker
Armus
Badar
Borg 1 of 4
Borg 2 of 4
Borg 3 of 4
Borg 4 of 4
Bruna
Captain Picard
Captain Riker
Captain Troi
Cho'Ta
Cmdr. Beverly Crusher
Cmdr. Data
Cmdr. La Forge
Cmdr. Riker
Cmdr. Troi
Cmdr. Worf
Counselor Troi
D'Aindal
DaiMon Tarr
Dir.sfM. Beverly Crusher
Dr. Beverly Crusher
Ekoc Dale
Geordi La Forge
Kovor Dale
Kulga
Kurn
L'berch
Locutus
Lt. Data
Lt. La Forge
Lt. Worf
Melea
Navzar
Nodroz
Nuella
Pretorian
Prugue Sole
Q
Sec.Ofc. Worf
Shogue Seltell
Ssysma
T'Korta
T'Nesseam
T'Vralai
Terrhea
Thira zh'Zoarhi
Ty'dollus
Ty'levi
Ty'moro
Veidek
W'Sira
Wesley
--------
TNG Ship
--------
Borg Cube
Cube 1
Cube 2
D'deridex
Galor
Hideki
Marauder
Negh'var
Next Enterprise
Renegade
Scout
Ship-Vor'Cha
Stargazer
Thunderchild
Tsiolkovsky
Valdore
Valiant
